2025-08-26 18:41:01,852 [INFO] Starting single CARLA server...
2025-08-26 18:41:01,852 [INFO] Cleaning up existing servers...
2025-08-26 18:41:08,952 [INFO] Starting server with command: python microservice_manager.py --num-services 1 --startup-delay 0
2025-08-26 18:41:08,954 [INFO] Waiting for server to be ready...
2025-08-26 18:41:10,969 [INFO] Server is ready!
2025-08-26 18:41:15,982 [INFO] Connected to server on port 8080
2025-08-26 18:41:15,982 [INFO] ============================================================
2025-08-26 18:41:15,982 [INFO] VISUAL SNAPSHOT/RESTORE TEST
2025-08-26 18:41:15,982 [INFO] ============================================================
2025-08-26 18:41:15,982 [INFO] 
=== Phase 0: Reset Environment ===
2025-08-26 18:41:15,982 [INFO] Resetting environment with route_id=0
2025-08-26 18:41:15,982 [INFO] Note: First reset may take 60-120 seconds to load CARLA world and scenarios...
2025-08-26 18:42:32,899 [INFO] Reset successful!
2025-08-26 18:42:32,899 [INFO] Environment reset complete
2025-08-26 18:42:33,001 [INFO] Saved image: snapshot_test_images/1_initial_50steps/step_000.png
2025-08-26 18:42:33,001 [INFO] Initial position: x=592.31, y=3910.66, z=371.27
2025-08-26 18:42:33,001 [INFO] 
=== Phase 1: Initial - Drive Straight for 50 Steps ===
2025-08-26 18:42:33,001 [INFO] Step 1/50: Driving straight (throttle=1.0, steer=0.0)
2025-08-26 18:42:33,390 [INFO] Saved image: snapshot_test_images/1_initial_50steps/step_001_t1.00_s0.00_b0.00.png
2025-08-26 18:42:33,390 [INFO]   Position: x=592.31, y=3910.66, z=371.28
2025-08-26 18:42:33,390 [INFO] Step 2/50: Driving straight (throttle=1.0, steer=0.0)
2025-08-26 18:42:33,921 [INFO] Saved image: snapshot_test_images/1_initial_50steps/step_002_t1.00_s0.00_b0.00.png
2025-08-26 18:42:33,921 [INFO]   Position: x=592.31, y=3910.66, z=371.29
2025-08-26 18:42:33,921 [INFO] Step 3/50: Driving straight (throttle=1.0, steer=0.0)
2025-08-26 18:42:34,230 [INFO] Saved image: snapshot_test_images/1_initial_50steps/step_003_t1.00_s0.00_b0.00.png
2025-08-26 18:42:34,230 [INFO]   Position: x=592.31, y=3910.66, z=371.29
2025-08-26 18:42:34,230 [INFO] Step 4/50: Driving straight (throttle=1.0, steer=0.0)
2025-08-26 18:42:34,545 [INFO] Saved image: snapshot_test_images/1_initial_50steps/step_004_t1.00_s0.00_b0.00.png
2025-08-26 18:42:34,545 [INFO]   Position: x=592.31, y=3910.66, z=371.29
2025-08-26 18:42:34,545 [INFO] Step 5/50: Driving straight (throttle=1.0, steer=0.0)
2025-08-26 18:42:34,862 [INFO] Saved image: snapshot_test_images/1_initial_50steps/step_005_t1.00_s0.00_b0.00.png
2025-08-26 18:42:34,862 [INFO]   Position: x=592.31, y=3910.66, z=371.30
2025-08-26 18:42:34,862 [INFO] Step 6/50: Driving straight (throttle=1.0, steer=0.0)
2025-08-26 18:42:35,192 [INFO] Saved image: snapshot_test_images/1_initial_50steps/step_006_t1.00_s0.00_b0.00.png
2025-08-26 18:42:35,193 [INFO]   Position: x=592.31, y=3910.66, z=371.30
2025-08-26 18:42:35,193 [INFO] Step 7/50: Driving straight (throttle=1.0, steer=0.0)
2025-08-26 18:42:35,512 [INFO] Saved image: snapshot_test_images/1_initial_50steps/step_007_t1.00_s0.00_b0.00.png
2025-08-26 18:42:35,512 [INFO]   Position: x=592.31, y=3910.66, z=371.30
2025-08-26 18:42:35,512 [INFO] Step 8/50: Driving straight (throttle=1.0, steer=0.0)
2025-08-26 18:42:35,829 [INFO] Saved image: snapshot_test_images/1_initial_50steps/step_008_t1.00_s0.00_b0.00.png
2025-08-26 18:42:35,829 [INFO]   Position: x=592.31, y=3910.66, z=371.30
2025-08-26 18:42:35,829 [INFO] Step 9/50: Driving straight (throttle=1.0, steer=0.0)
2025-08-26 18:42:36,143 [INFO] Saved image: snapshot_test_images/1_initial_50steps/step_009_t1.00_s0.00_b0.00.png
2025-08-26 18:42:36,144 [INFO]   Position: x=592.31, y=3910.66, z=371.30
2025-08-26 18:42:36,144 [INFO] Step 10/50: Driving straight (throttle=1.0, steer=0.0)
2025-08-26 18:42:36,464 [INFO] Saved image: snapshot_test_images/1_initial_50steps/step_010_t1.00_s0.00_b0.00.png
2025-08-26 18:42:36,465 [INFO]   Position: x=592.31, y=3910.66, z=371.30
2025-08-26 18:42:36,465 [INFO]   Progress: 10/50 steps complete
2025-08-26 18:42:36,465 [INFO] Step 11/50: Driving straight (throttle=1.0, steer=0.0)
2025-08-26 18:42:36,773 [INFO] Saved image: snapshot_test_images/1_initial_50steps/step_011_t1.00_s0.00_b0.00.png
2025-08-26 18:42:36,773 [INFO]   Position: x=592.31, y=3910.66, z=371.30
2025-08-26 18:42:36,773 [INFO] Step 12/50: Driving straight (throttle=1.0, steer=0.0)
2025-08-26 18:42:37,089 [INFO] Saved image: snapshot_test_images/1_initial_50steps/step_012_t1.00_s0.00_b0.00.png
2025-08-26 18:42:37,090 [INFO]   Position: x=592.29, y=3910.66, z=371.30
2025-08-26 18:42:37,090 [INFO] Step 13/50: Driving straight (throttle=1.0, steer=0.0)
2025-08-26 18:42:37,394 [INFO] Saved image: snapshot_test_images/1_initial_50steps/step_013_t1.00_s0.00_b0.00.png
2025-08-26 18:42:37,394 [INFO]   Position: x=592.26, y=3910.66, z=371.30
2025-08-26 18:42:37,394 [INFO] Step 14/50: Driving straight (throttle=1.0, steer=0.0)
2025-08-26 18:42:37,701 [INFO] Saved image: snapshot_test_images/1_initial_50steps/step_014_t1.00_s0.00_b0.00.png
2025-08-26 18:42:37,701 [INFO]   Position: x=592.21, y=3910.66, z=371.30
2025-08-26 18:42:37,701 [INFO] Step 15/50: Driving straight (throttle=1.0, steer=0.0)
2025-08-26 18:42:38,029 [INFO] Saved image: snapshot_test_images/1_initial_50steps/step_015_t1.00_s0.00_b0.00.png
2025-08-26 18:42:38,029 [INFO]   Position: x=592.15, y=3910.66, z=371.30
2025-08-26 18:42:38,029 [INFO] Step 16/50: Driving straight (throttle=1.0, steer=0.0)
2025-08-26 18:42:38,426 [INFO] Saved image: snapshot_test_images/1_initial_50steps/step_016_t1.00_s0.00_b0.00.png
2025-08-26 18:42:38,426 [INFO]   Position: x=592.08, y=3910.66, z=371.30
2025-08-26 18:42:38,426 [INFO] Step 17/50: Driving straight (throttle=1.0, steer=0.0)
2025-08-26 18:42:38,751 [INFO] Saved image: snapshot_test_images/1_initial_50steps/step_017_t1.00_s0.00_b0.00.png
2025-08-26 18:42:38,751 [INFO]   Position: x=592.00, y=3910.66, z=371.30
2025-08-26 18:42:38,751 [INFO] Step 18/50: Driving straight (throttle=1.0, steer=0.0)
2025-08-26 18:42:39,094 [INFO] Saved image: snapshot_test_images/1_initial_50steps/step_018_t1.00_s0.00_b0.00.png
2025-08-26 18:42:39,094 [INFO]   Position: x=591.90, y=3910.66, z=371.30
2025-08-26 18:42:39,094 [INFO] Step 19/50: Driving straight (throttle=1.0, steer=0.0)
2025-08-26 18:42:39,409 [INFO] Saved image: snapshot_test_images/1_initial_50steps/step_019_t1.00_s0.00_b0.00.png
2025-08-26 18:42:39,409 [INFO]   Position: x=591.79, y=3910.66, z=371.30
2025-08-26 18:42:39,409 [INFO] Step 20/50: Driving straight (throttle=1.0, steer=0.0)
2025-08-26 18:42:39,745 [INFO] Saved image: snapshot_test_images/1_initial_50steps/step_020_t1.00_s0.00_b0.00.png
2025-08-26 18:42:39,745 [INFO]   Position: x=591.66, y=3910.66, z=371.30
2025-08-26 18:42:39,745 [INFO]   Progress: 20/50 steps complete
2025-08-26 18:42:39,745 [INFO] Step 21/50: Driving straight (throttle=1.0, steer=0.0)
2025-08-26 18:42:40,062 [INFO] Saved image: snapshot_test_images/1_initial_50steps/step_021_t1.00_s0.00_b0.00.png
2025-08-26 18:42:40,063 [INFO]   Position: x=591.52, y=3910.66, z=371.30
2025-08-26 18:42:40,063 [INFO] Step 22/50: Driving straight (throttle=1.0, steer=0.0)
2025-08-26 18:42:40,380 [INFO] Saved image: snapshot_test_images/1_initial_50steps/step_022_t1.00_s0.00_b0.00.png
2025-08-26 18:42:40,380 [INFO]   Position: x=591.36, y=3910.66, z=371.30
2025-08-26 18:42:40,380 [INFO] Step 23/50: Driving straight (throttle=1.0, steer=0.0)
2025-08-26 18:42:40,700 [INFO] Saved image: snapshot_test_images/1_initial_50steps/step_023_t1.00_s0.00_b0.00.png
2025-08-26 18:42:40,700 [INFO]   Position: x=591.18, y=3910.66, z=371.30
2025-08-26 18:42:40,700 [INFO] Step 24/50: Driving straight (throttle=1.0, steer=0.0)
2025-08-26 18:42:41,017 [INFO] Saved image: snapshot_test_images/1_initial_50steps/step_024_t1.00_s0.00_b0.00.png
2025-08-26 18:42:41,017 [INFO]   Position: x=590.99, y=3910.66, z=371.30
2025-08-26 18:42:41,017 [INFO] Step 25/50: Driving straight (throttle=1.0, steer=0.0)
2025-08-26 18:42:41,328 [INFO] Saved image: snapshot_test_images/1_initial_50steps/step_025_t1.00_s0.00_b0.00.png
2025-08-26 18:42:41,328 [INFO]   Position: x=590.77, y=3910.66, z=371.30
2025-08-26 18:42:41,328 [INFO] Step 26/50: Driving straight (throttle=1.0, steer=0.0)
2025-08-26 18:42:41,640 [INFO] Saved image: snapshot_test_images/1_initial_50steps/step_026_t1.00_s0.00_b0.00.png
2025-08-26 18:42:41,640 [INFO]   Position: x=590.54, y=3910.66, z=371.30
2025-08-26 18:42:41,640 [INFO] Step 27/50: Driving straight (throttle=1.0, steer=0.0)
2025-08-26 18:42:41,977 [INFO] Saved image: snapshot_test_images/1_initial_50steps/step_027_t1.00_s0.00_b0.00.png
2025-08-26 18:42:41,977 [INFO]   Position: x=590.30, y=3910.67, z=371.30
2025-08-26 18:42:41,977 [INFO] Step 28/50: Driving straight (throttle=1.0, steer=0.0)
2025-08-26 18:42:42,310 [INFO] Saved image: snapshot_test_images/1_initial_50steps/step_028_t1.00_s0.00_b0.00.png
2025-08-26 18:42:42,310 [INFO]   Position: x=590.03, y=3910.67, z=371.30
2025-08-26 18:42:42,310 [INFO] Step 29/50: Driving straight (throttle=1.0, steer=0.0)
2025-08-26 18:42:42,644 [INFO] Saved image: snapshot_test_images/1_initial_50steps/step_029_t1.00_s0.00_b0.00.png
2025-08-26 18:42:42,645 [INFO]   Position: x=589.75, y=3910.67, z=371.30
2025-08-26 18:42:42,645 [INFO] Step 30/50: Driving straight (throttle=1.0, steer=0.0)
2025-08-26 18:42:42,964 [INFO] Saved image: snapshot_test_images/1_initial_50steps/step_030_t1.00_s0.00_b0.00.png
2025-08-26 18:42:42,964 [INFO]   Position: x=589.46, y=3910.67, z=371.30
2025-08-26 18:42:42,964 [INFO]   Progress: 30/50 steps complete
2025-08-26 18:42:42,964 [INFO] Step 31/50: Driving straight (throttle=1.0, steer=0.0)
2025-08-26 18:42:43,288 [INFO] Saved image: snapshot_test_images/1_initial_50steps/step_031_t1.00_s0.00_b0.00.png
2025-08-26 18:42:43,288 [INFO]   Position: x=589.18, y=3910.67, z=371.30
2025-08-26 18:42:43,288 [INFO] Step 32/50: Driving straight (throttle=1.0, steer=0.0)
2025-08-26 18:42:43,609 [INFO] Saved image: snapshot_test_images/1_initial_50steps/step_032_t1.00_s0.00_b0.00.png
2025-08-26 18:42:43,609 [INFO]   Position: x=588.89, y=3910.67, z=371.30
2025-08-26 18:42:43,609 [INFO] Step 33/50: Driving straight (throttle=1.0, steer=0.0)
2025-08-26 18:42:43,924 [INFO] Saved image: snapshot_test_images/1_initial_50steps/step_033_t1.00_s0.00_b0.00.png
2025-08-26 18:42:43,924 [INFO]   Position: x=588.58, y=3910.68, z=371.30
2025-08-26 18:42:43,924 [INFO] Step 34/50: Driving straight (throttle=1.0, steer=0.0)
2025-08-26 18:42:44,242 [INFO] Saved image: snapshot_test_images/1_initial_50steps/step_034_t1.00_s0.00_b0.00.png
2025-08-26 18:42:44,242 [INFO]   Position: x=588.24, y=3910.68, z=371.30
2025-08-26 18:42:44,242 [INFO] Step 35/50: Driving straight (throttle=1.0, steer=0.0)
2025-08-26 18:42:44,648 [INFO] Saved image: snapshot_test_images/1_initial_50steps/step_035_t1.00_s0.00_b0.00.png
2025-08-26 18:42:44,648 [INFO]   Position: x=587.87, y=3910.68, z=371.30
2025-08-26 18:42:44,648 [INFO] Step 36/50: Driving straight (throttle=1.0, steer=0.0)
2025-08-26 18:42:44,970 [INFO] Saved image: snapshot_test_images/1_initial_50steps/step_036_t1.00_s0.00_b0.00.png
2025-08-26 18:42:44,970 [INFO]   Position: x=587.48, y=3910.68, z=371.30
2025-08-26 18:42:44,970 [INFO] Step 37/50: Driving straight (throttle=1.0, steer=0.0)
2025-08-26 18:42:45,299 [INFO] Saved image: snapshot_test_images/1_initial_50steps/step_037_t1.00_s0.00_b0.00.png
2025-08-26 18:42:45,299 [INFO]   Position: x=587.07, y=3910.69, z=371.30
2025-08-26 18:42:45,299 [INFO] Step 38/50: Driving straight (throttle=1.0, steer=0.0)
2025-08-26 18:42:45,618 [INFO] Saved image: snapshot_test_images/1_initial_50steps/step_038_t1.00_s0.00_b0.00.png
2025-08-26 18:42:45,618 [INFO]   Position: x=586.65, y=3910.69, z=371.30
2025-08-26 18:42:45,618 [INFO] Step 39/50: Driving straight (throttle=1.0, steer=0.0)
2025-08-26 18:42:45,939 [INFO] Saved image: snapshot_test_images/1_initial_50steps/step_039_t1.00_s0.00_b0.00.png
2025-08-26 18:42:45,940 [INFO]   Position: x=586.20, y=3910.69, z=371.30
2025-08-26 18:42:45,940 [INFO] Step 40/50: Driving straight (throttle=1.0, steer=0.0)
2025-08-26 18:42:46,266 [INFO] Saved image: snapshot_test_images/1_initial_50steps/step_040_t1.00_s0.00_b0.00.png
2025-08-26 18:42:46,267 [INFO]   Position: x=585.74, y=3910.70, z=371.30
2025-08-26 18:42:46,267 [INFO]   Progress: 40/50 steps complete
2025-08-26 18:42:46,267 [INFO] Step 41/50: Driving straight (throttle=1.0, steer=0.0)
2025-08-26 18:42:46,596 [INFO] Saved image: snapshot_test_images/1_initial_50steps/step_041_t1.00_s0.00_b0.00.png
2025-08-26 18:42:46,596 [INFO]   Position: x=585.28, y=3910.70, z=371.30
2025-08-26 18:42:46,596 [INFO] Step 42/50: Driving straight (throttle=1.0, steer=0.0)
2025-08-26 18:42:46,920 [INFO] Saved image: snapshot_test_images/1_initial_50steps/step_042_t1.00_s0.00_b0.00.png
2025-08-26 18:42:46,920 [INFO]   Position: x=584.81, y=3910.70, z=371.30
2025-08-26 18:42:46,920 [INFO] Step 43/50: Driving straight (throttle=1.0, steer=0.0)
2025-08-26 18:42:47,246 [INFO] Saved image: snapshot_test_images/1_initial_50steps/step_043_t1.00_s0.00_b0.00.png
2025-08-26 18:42:47,246 [INFO]   Position: x=584.33, y=3910.70, z=371.30
2025-08-26 18:42:47,246 [INFO] Step 44/50: Driving straight (throttle=1.0, steer=0.0)
2025-08-26 18:42:47,605 [INFO] Saved image: snapshot_test_images/1_initial_50steps/step_044_t1.00_s0.00_b0.00.png
2025-08-26 18:42:47,605 [INFO]   Position: x=583.83, y=3910.71, z=371.30
2025-08-26 18:42:47,605 [INFO] Step 45/50: Driving straight (throttle=1.0, steer=0.0)
2025-08-26 18:42:47,943 [INFO] Saved image: snapshot_test_images/1_initial_50steps/step_045_t1.00_s0.00_b0.00.png
2025-08-26 18:42:47,943 [INFO]   Position: x=583.30, y=3910.71, z=371.30
2025-08-26 18:42:47,943 [INFO] Step 46/50: Driving straight (throttle=1.0, steer=0.0)
2025-08-26 18:42:48,346 [INFO] Saved image: snapshot_test_images/1_initial_50steps/step_046_t1.00_s0.00_b0.00.png
2025-08-26 18:42:48,346 [INFO]   Position: x=582.76, y=3910.72, z=371.30
2025-08-26 18:42:48,346 [INFO] Step 47/50: Driving straight (throttle=1.0, steer=0.0)
2025-08-26 18:42:48,692 [INFO] Saved image: snapshot_test_images/1_initial_50steps/step_047_t1.00_s0.00_b0.00.png
2025-08-26 18:42:48,692 [INFO]   Position: x=582.20, y=3910.72, z=371.30
2025-08-26 18:42:48,692 [INFO] Step 48/50: Driving straight (throttle=1.0, steer=0.0)
2025-08-26 18:42:49,033 [INFO] Saved image: snapshot_test_images/1_initial_50steps/step_048_t1.00_s0.00_b0.00.png
2025-08-26 18:42:49,033 [INFO]   Position: x=581.62, y=3910.72, z=371.30
2025-08-26 18:42:49,033 [INFO] Step 49/50: Driving straight (throttle=1.0, steer=0.0)
2025-08-26 18:42:49,410 [INFO] Saved image: snapshot_test_images/1_initial_50steps/step_049_t1.00_s0.00_b0.00.png
2025-08-26 18:42:49,411 [INFO]   Position: x=581.03, y=3910.73, z=371.30
2025-08-26 18:42:49,411 [INFO] Step 50/50: Driving straight (throttle=1.0, steer=0.0)
2025-08-26 18:42:49,769 [INFO] Saved image: snapshot_test_images/1_initial_50steps/step_050_t1.00_s0.00_b0.00.png
2025-08-26 18:42:49,769 [INFO]   Position: x=580.42, y=3910.73, z=371.30
2025-08-26 18:42:49,770 [INFO]   Progress: 50/50 steps complete
2025-08-26 18:42:49,770 [INFO] 
=== Creating Snapshot ===
2025-08-26 18:42:49,770 [INFO] BEFORE SAVE - Current ego position at step 50: x=580.42, y=3910.73, z=371.30
2025-08-26 18:42:49,770 [INFO] Saving snapshot: visual_test_snapshot
2025-08-26 18:42:49,802 [INFO] Snapshot saved successfully: {'snapshot_id': 'visual_test_snapshot', 'status': 'success', 'message': 'Snapshot saved: visual_test_snapshot', 'stats': {'vehicles': 13, 'pedestrians': 0, 'traffic_lights': 1101, 'has_scenario_manager': True, 'manager_tick': 51, 'manager_running': True, 'ego_vehicles': 1, 'other_actors': 0}}
2025-08-26 18:42:49,802 [INFO] Snapshot created: visual_test_snapshot
2025-08-26 18:42:49,802 [INFO] This is our branching point for GRPO
2025-08-26 18:42:49,802 [INFO] Snapshot saved at position x=580.42, y=3910.73
2025-08-26 18:42:49,802 [INFO] 
=== Phase 2: Continue - Drive Straight for 50 More Steps ===
2025-08-26 18:42:49,802 [INFO] Step 51/100: Continuing straight (throttle=1.0, steer=0.0)
2025-08-26 18:42:50,150 [INFO] Saved image: snapshot_test_images/2_continued_50steps/step_051_t1.00_s0.00_b0.00.png
2025-08-26 18:42:50,150 [INFO]   Position: x=579.80, y=3910.74, z=371.30
2025-08-26 18:42:50,150 [INFO] Step 52/100: Continuing straight (throttle=1.0, steer=0.0)
2025-08-26 18:42:50,575 [INFO] Saved image: snapshot_test_images/2_continued_50steps/step_052_t1.00_s0.00_b0.00.png
2025-08-26 18:42:50,575 [INFO]   Position: x=579.16, y=3910.74, z=371.30
2025-08-26 18:42:50,575 [INFO] Step 53/100: Continuing straight (throttle=1.0, steer=0.0)
2025-08-26 18:42:50,932 [INFO] Saved image: snapshot_test_images/2_continued_50steps/step_053_t1.00_s0.00_b0.00.png
2025-08-26 18:42:50,932 [INFO]   Position: x=578.51, y=3910.75, z=371.30
2025-08-26 18:42:50,932 [INFO] Step 54/100: Continuing straight (throttle=1.0, steer=0.0)
2025-08-26 18:42:51,303 [INFO] Saved image: snapshot_test_images/2_continued_50steps/step_054_t1.00_s0.00_b0.00.png
2025-08-26 18:42:51,303 [INFO]   Position: x=577.85, y=3910.75, z=371.30
2025-08-26 18:42:51,303 [INFO] Step 55/100: Continuing straight (throttle=1.0, steer=0.0)
2025-08-26 18:42:51,652 [INFO] Saved image: snapshot_test_images/2_continued_50steps/step_055_t1.00_s0.00_b0.00.png
2025-08-26 18:42:51,652 [INFO]   Position: x=577.17, y=3910.75, z=371.30
2025-08-26 18:42:51,652 [INFO] Step 56/100: Continuing straight (throttle=1.0, steer=0.0)
2025-08-26 18:42:52,009 [INFO] Saved image: snapshot_test_images/2_continued_50steps/step_056_t1.00_s0.00_b0.00.png
2025-08-26 18:42:52,009 [INFO]   Position: x=576.50, y=3910.76, z=371.30
2025-08-26 18:42:52,009 [INFO] Step 57/100: Continuing straight (throttle=1.0, steer=0.0)
2025-08-26 18:42:52,358 [INFO] Saved image: snapshot_test_images/2_continued_50steps/step_057_t1.00_s0.00_b0.00.png
2025-08-26 18:42:52,358 [INFO]   Position: x=575.82, y=3910.76, z=371.30
2025-08-26 18:42:52,358 [INFO] Step 58/100: Continuing straight (throttle=1.0, steer=0.0)
2025-08-26 18:42:52,723 [INFO] Saved image: snapshot_test_images/2_continued_50steps/step_058_t1.00_s0.00_b0.00.png
2025-08-26 18:42:52,723 [INFO]   Position: x=575.13, y=3910.77, z=371.30
2025-08-26 18:42:52,723 [INFO] Step 59/100: Continuing straight (throttle=1.0, steer=0.0)
2025-08-26 18:42:53,083 [INFO] Saved image: snapshot_test_images/2_continued_50steps/step_059_t1.00_s0.00_b0.00.png
2025-08-26 18:42:53,083 [INFO]   Position: x=574.42, y=3910.77, z=371.29
2025-08-26 18:42:53,083 [INFO] Step 60/100: Continuing straight (throttle=1.0, steer=0.0)
2025-08-26 18:42:53,460 [INFO] Saved image: snapshot_test_images/2_continued_50steps/step_060_t1.00_s0.00_b0.00.png
2025-08-26 18:42:53,460 [INFO]   Position: x=573.71, y=3910.78, z=371.29
2025-08-26 18:42:53,460 [INFO] Step 61/100: Continuing straight (throttle=1.0, steer=0.0)
2025-08-26 18:42:53,844 [INFO] Saved image: snapshot_test_images/2_continued_50steps/step_061_t1.00_s0.00_b0.00.png
2025-08-26 18:42:53,844 [INFO]   Position: x=572.97, y=3910.78, z=371.29
2025-08-26 18:42:53,844 [INFO] Step 62/100: Continuing straight (throttle=1.0, steer=0.0)
2025-08-26 18:42:54,215 [INFO] Saved image: snapshot_test_images/2_continued_50steps/step_062_t1.00_s0.00_b0.00.png
2025-08-26 18:42:54,216 [INFO]   Position: x=572.23, y=3910.79, z=371.29
2025-08-26 18:42:54,216 [INFO] Step 63/100: Continuing straight (throttle=1.0, steer=0.0)
2025-08-26 18:42:54,601 [INFO] Saved image: snapshot_test_images/2_continued_50steps/step_063_t1.00_s0.00_b0.00.png
2025-08-26 18:42:54,601 [INFO]   Position: x=571.48, y=3910.79, z=371.29
2025-08-26 18:42:54,601 [INFO] Step 64/100: Continuing straight (throttle=1.0, steer=0.0)
2025-08-26 18:42:54,970 [INFO] Saved image: snapshot_test_images/2_continued_50steps/step_064_t1.00_s0.00_b0.00.png
2025-08-26 18:42:54,970 [INFO]   Position: x=570.71, y=3910.80, z=371.29
2025-08-26 18:42:54,970 [INFO] Step 65/100: Continuing straight (throttle=1.0, steer=0.0)
2025-08-26 18:42:55,349 [INFO] Saved image: snapshot_test_images/2_continued_50steps/step_065_t1.00_s0.00_b0.00.png
2025-08-26 18:42:55,349 [INFO]   Position: x=569.93, y=3910.80, z=371.29
2025-08-26 18:42:55,349 [INFO] Step 66/100: Continuing straight (throttle=1.0, steer=0.0)
2025-08-26 18:42:55,730 [INFO] Saved image: snapshot_test_images/2_continued_50steps/step_066_t1.00_s0.00_b0.00.png
2025-08-26 18:42:55,730 [INFO]   Position: x=569.15, y=3910.81, z=371.29
2025-08-26 18:42:55,730 [INFO] Step 67/100: Continuing straight (throttle=1.0, steer=0.0)
2025-08-26 18:42:56,108 [INFO] Saved image: snapshot_test_images/2_continued_50steps/step_067_t1.00_s0.00_b0.00.png
2025-08-26 18:42:56,108 [INFO]   Position: x=568.35, y=3910.82, z=371.29
2025-08-26 18:42:56,108 [INFO] Step 68/100: Continuing straight (throttle=1.0, steer=0.0)
2025-08-26 18:42:56,474 [INFO] Saved image: snapshot_test_images/2_continued_50steps/step_068_t1.00_s0.00_b0.00.png
2025-08-26 18:42:56,474 [INFO]   Position: x=567.54, y=3910.82, z=371.29
2025-08-26 18:42:56,474 [INFO] Step 69/100: Continuing straight (throttle=1.0, steer=0.0)
2025-08-26 18:42:56,848 [INFO] Saved image: snapshot_test_images/2_continued_50steps/step_069_t1.00_s0.00_b0.00.png
2025-08-26 18:42:56,848 [INFO]   Position: x=566.72, y=3910.83, z=371.28
2025-08-26 18:42:56,848 [INFO] Step 70/100: Continuing straight (throttle=1.0, steer=0.0)
2025-08-26 18:42:57,310 [INFO] Saved image: snapshot_test_images/2_continued_50steps/step_070_t1.00_s0.00_b0.00.png
2025-08-26 18:42:57,310 [INFO]   Position: x=565.88, y=3910.83, z=371.28
2025-08-26 18:42:57,310 [INFO] Step 71/100: Continuing straight (throttle=1.0, steer=0.0)
2025-08-26 18:42:57,687 [INFO] Saved image: snapshot_test_images/2_continued_50steps/step_071_t1.00_s0.00_b0.00.png
2025-08-26 18:42:57,687 [INFO]   Position: x=565.04, y=3910.84, z=371.28
2025-08-26 18:42:57,687 [INFO] Step 72/100: Continuing straight (throttle=1.0, steer=0.0)
2025-08-26 18:42:58,072 [INFO] Saved image: snapshot_test_images/2_continued_50steps/step_072_t1.00_s0.00_b0.00.png
2025-08-26 18:42:58,072 [INFO]   Position: x=564.19, y=3910.84, z=371.28
2025-08-26 18:42:58,072 [INFO] Step 73/100: Continuing straight (throttle=1.0, steer=0.0)
2025-08-26 18:42:58,459 [INFO] Saved image: snapshot_test_images/2_continued_50steps/step_073_t1.00_s0.00_b0.00.png
2025-08-26 18:42:58,459 [INFO]   Position: x=563.32, y=3910.85, z=371.28
2025-08-26 18:42:58,459 [INFO] Step 74/100: Continuing straight (throttle=1.0, steer=0.0)
2025-08-26 18:42:58,858 [INFO] Saved image: snapshot_test_images/2_continued_50steps/step_074_t1.00_s0.00_b0.00.png
2025-08-26 18:42:58,858 [INFO]   Position: x=562.45, y=3910.86, z=371.28
2025-08-26 18:42:58,858 [INFO] Step 75/100: Continuing straight (throttle=1.0, steer=0.0)
2025-08-26 18:42:59,239 [INFO] Saved image: snapshot_test_images/2_continued_50steps/step_075_t1.00_s0.00_b0.00.png
2025-08-26 18:42:59,239 [INFO]   Position: x=561.56, y=3910.86, z=371.28
2025-08-26 18:42:59,239 [INFO] Step 76/100: Continuing straight (throttle=1.0, steer=0.0)
2025-08-26 18:42:59,626 [INFO] Saved image: snapshot_test_images/2_continued_50steps/step_076_t1.00_s0.00_b0.00.png
2025-08-26 18:42:59,626 [INFO]   Position: x=560.66, y=3910.87, z=371.27
2025-08-26 18:42:59,626 [INFO] Step 77/100: Continuing straight (throttle=1.0, steer=0.0)
2025-08-26 18:43:00,006 [INFO] Saved image: snapshot_test_images/2_continued_50steps/step_077_t1.00_s0.00_b0.00.png
2025-08-26 18:43:00,006 [INFO]   Position: x=559.77, y=3910.88, z=371.27
2025-08-26 18:43:00,006 [INFO] Step 78/100: Continuing straight (throttle=1.0, steer=0.0)
2025-08-26 18:43:00,406 [INFO] Saved image: snapshot_test_images/2_continued_50steps/step_078_t1.00_s0.00_b0.00.png
2025-08-26 18:43:00,406 [INFO]   Position: x=558.87, y=3910.88, z=371.27
2025-08-26 18:43:00,406 [INFO] Step 79/100: Continuing straight (throttle=1.0, steer=0.0)
2025-08-26 18:43:00,815 [INFO] Saved image: snapshot_test_images/2_continued_50steps/step_079_t1.00_s0.00_b0.00.png
2025-08-26 18:43:00,815 [INFO]   Position: x=557.96, y=3910.89, z=371.27
2025-08-26 18:43:00,815 [INFO] Step 80/100: Continuing straight (throttle=1.0, steer=0.0)
2025-08-26 18:43:01,199 [INFO] Saved image: snapshot_test_images/2_continued_50steps/step_080_t1.00_s0.00_b0.00.png
2025-08-26 18:43:01,199 [INFO]   Position: x=557.04, y=3910.89, z=371.27
2025-08-26 18:43:01,200 [INFO] Step 81/100: Continuing straight (throttle=1.0, steer=0.0)
2025-08-26 18:43:01,582 [INFO] Saved image: snapshot_test_images/2_continued_50steps/step_081_t1.00_s0.00_b0.00.png
2025-08-26 18:43:01,582 [INFO]   Position: x=556.11, y=3910.90, z=371.27
2025-08-26 18:43:01,582 [INFO] Step 82/100: Continuing straight (throttle=1.0, steer=0.0)
2025-08-26 18:43:01,973 [INFO] Saved image: snapshot_test_images/2_continued_50steps/step_082_t1.00_s0.00_b0.00.png
2025-08-26 18:43:01,973 [INFO]   Position: x=555.17, y=3910.91, z=371.27
2025-08-26 18:43:01,973 [INFO] Step 83/100: Continuing straight (throttle=1.0, steer=0.0)
2025-08-26 18:43:02,372 [INFO] Saved image: snapshot_test_images/2_continued_50steps/step_083_t1.00_s0.00_b0.00.png
2025-08-26 18:43:02,372 [INFO]   Position: x=554.23, y=3910.91, z=371.26
2025-08-26 18:43:02,372 [INFO] Step 84/100: Continuing straight (throttle=1.0, steer=0.0)
2025-08-26 18:43:02,777 [INFO] Saved image: snapshot_test_images/2_continued_50steps/step_084_t1.00_s0.00_b0.00.png
2025-08-26 18:43:02,777 [INFO]   Position: x=553.27, y=3910.92, z=371.26
2025-08-26 18:43:02,777 [INFO] Step 85/100: Continuing straight (throttle=1.0, steer=0.0)
2025-08-26 18:43:03,190 [INFO] Saved image: snapshot_test_images/2_continued_50steps/step_085_t1.00_s0.00_b0.00.png
2025-08-26 18:43:03,190 [INFO]   Position: x=552.31, y=3910.93, z=371.26
2025-08-26 18:43:03,190 [INFO] Step 86/100: Continuing straight (throttle=1.0, steer=0.0)
2025-08-26 18:43:03,614 [INFO] Saved image: snapshot_test_images/2_continued_50steps/step_086_t1.00_s0.00_b0.00.png
2025-08-26 18:43:03,614 [INFO]   Position: x=551.34, y=3910.93, z=371.26
2025-08-26 18:43:03,614 [INFO] Step 87/100: Continuing straight (throttle=1.0, steer=0.0)
2025-08-26 18:43:04,016 [INFO] Saved image: snapshot_test_images/2_continued_50steps/step_087_t1.00_s0.00_b0.00.png
2025-08-26 18:43:04,016 [INFO]   Position: x=550.36, y=3910.94, z=371.26
2025-08-26 18:43:04,016 [INFO] Step 88/100: Continuing straight (throttle=1.0, steer=0.0)
2025-08-26 18:43:04,509 [INFO] Saved image: snapshot_test_images/2_continued_50steps/step_088_t1.00_s0.00_b0.00.png
2025-08-26 18:43:04,509 [INFO]   Position: x=549.37, y=3910.95, z=371.26
2025-08-26 18:43:04,509 [INFO] Step 89/100: Continuing straight (throttle=1.0, steer=0.0)
2025-08-26 18:43:04,919 [INFO] Saved image: snapshot_test_images/2_continued_50steps/step_089_t1.00_s0.00_b0.00.png
2025-08-26 18:43:04,919 [INFO]   Position: x=548.38, y=3910.95, z=371.25
2025-08-26 18:43:04,919 [INFO] Step 90/100: Continuing straight (throttle=1.0, steer=0.0)
2025-08-26 18:43:05,310 [INFO] Saved image: snapshot_test_images/2_continued_50steps/step_090_t1.00_s0.00_b0.00.png
2025-08-26 18:43:05,310 [INFO]   Position: x=547.38, y=3910.96, z=371.25
2025-08-26 18:43:05,310 [INFO] Step 91/100: Continuing straight (throttle=1.0, steer=0.0)
2025-08-26 18:43:05,717 [INFO] Saved image: snapshot_test_images/2_continued_50steps/step_091_t1.00_s0.00_b0.00.png
2025-08-26 18:43:05,717 [INFO]   Position: x=546.37, y=3910.97, z=371.25
2025-08-26 18:43:05,717 [INFO] Step 92/100: Continuing straight (throttle=1.0, steer=0.0)
2025-08-26 18:43:06,115 [INFO] Saved image: snapshot_test_images/2_continued_50steps/step_092_t1.00_s0.00_b0.00.png
2025-08-26 18:43:06,115 [INFO]   Position: x=545.35, y=3910.97, z=371.25
2025-08-26 18:43:06,115 [INFO] Step 93/100: Continuing straight (throttle=1.0, steer=0.0)
2025-08-26 18:43:06,512 [INFO] Saved image: snapshot_test_images/2_continued_50steps/step_093_t1.00_s0.00_b0.00.png
2025-08-26 18:43:06,512 [INFO]   Position: x=544.33, y=3910.98, z=371.24
2025-08-26 18:43:06,512 [INFO] Step 94/100: Continuing straight (throttle=1.0, steer=0.0)
2025-08-26 18:43:06,916 [INFO] Saved image: snapshot_test_images/2_continued_50steps/step_094_t1.00_s0.00_b0.00.png
2025-08-26 18:43:06,916 [INFO]   Position: x=543.30, y=3910.99, z=371.24
2025-08-26 18:43:06,916 [INFO] Step 95/100: Continuing straight (throttle=1.0, steer=0.0)
2025-08-26 18:43:07,320 [INFO] Saved image: snapshot_test_images/2_continued_50steps/step_095_t1.00_s0.00_b0.00.png
2025-08-26 18:43:07,320 [INFO]   Position: x=542.26, y=3911.00, z=371.24
2025-08-26 18:43:07,320 [INFO] Step 96/100: Continuing straight (throttle=1.0, steer=0.0)
2025-08-26 18:43:07,753 [INFO] Saved image: snapshot_test_images/2_continued_50steps/step_096_t1.00_s0.00_b0.00.png
2025-08-26 18:43:07,753 [INFO]   Position: x=541.21, y=3911.00, z=371.24
2025-08-26 18:43:07,753 [INFO] Step 97/100: Continuing straight (throttle=1.0, steer=0.0)
2025-08-26 18:43:08,193 [INFO] Saved image: snapshot_test_images/2_continued_50steps/step_097_t1.00_s0.00_b0.00.png
2025-08-26 18:43:08,194 [INFO]   Position: x=540.16, y=3911.01, z=371.24
2025-08-26 18:43:08,194 [INFO] Step 98/100: Continuing straight (throttle=1.0, steer=0.0)
2025-08-26 18:43:08,594 [INFO] Saved image: snapshot_test_images/2_continued_50steps/step_098_t1.00_s0.00_b0.00.png
2025-08-26 18:43:08,594 [INFO]   Position: x=539.10, y=3911.02, z=371.23
2025-08-26 18:43:08,594 [INFO] Step 99/100: Continuing straight (throttle=1.0, steer=0.0)
2025-08-26 18:43:08,996 [INFO] Saved image: snapshot_test_images/2_continued_50steps/step_099_t1.00_s0.00_b0.00.png
2025-08-26 18:43:08,996 [INFO]   Position: x=538.03, y=3911.02, z=371.23
2025-08-26 18:43:08,996 [INFO] Step 100/100: Continuing straight (throttle=1.0, steer=0.0)
2025-08-26 18:43:09,405 [INFO] Saved image: snapshot_test_images/2_continued_50steps/step_100_t1.00_s0.00_b0.00.png
2025-08-26 18:43:09,405 [INFO]   Position: x=536.94, y=3911.00, z=371.27
2025-08-26 18:43:09,406 [INFO] Continued trajectory complete (straight driving)
2025-08-26 18:43:09,406 [INFO] 
=== Phase 3: Restore Snapshot and Turn Right ===
2025-08-26 18:43:09,406 [INFO] BEFORE RESTORE - Phase 2 end position: x=536.94, y=3911.00, z=371.27
2025-08-26 18:43:09,406 [INFO] Restoring snapshot: visual_test_snapshot
2025-08-26 18:43:20,147 [ERROR] Test failed: 500 Server Error: Internal Server Error for url: http://localhost:8080/restore
Traceback (most recent call last):
  File "test_visual_snapshot.py", line 485, in run_visual_test
    restore_result = client.restore_snapshot(snapshot_id)
  File "test_visual_snapshot.py", line 117, in restore_snapshot
    response.raise_for_status()
  File "/home/oh/anaconda3/envs/my_ad_env/lib/python3.8/site-packages/requests/models.py", line 1021, in raise_for_status
    raise HTTPError(http_error_msg, response=self)
requests.exceptions.HTTPError: 500 Server Error: Internal Server Error for url: http://localhost:8080/restore
2025-08-26 18:43:20,148 [ERROR] 
❌ Visual snapshot test FAILED!
2025-08-26 18:43:21,986 [INFO] Stopping server...
2025-08-26 18:43:21,988 [INFO] Server stopped
